AlmaLinux/RockyLinux/RHEL 9 detected
Setting up the Key4hep software stack release 2026-04-08 from CVMFS
Use the following command to reproduce the current environment: 

        source /cvmfs/sw.hsf.org/key4hep/setup.sh -r 2026-04-08

If you have any issues, comments or requests, open an issue at https://github.com/key4hep/key4hep-spack/issues
Tip: A new -d flag can be used to access debug builds, otherwise the default is the optimized build
[pipeline] run000166: event build (steer_run000166.py)
[k4run - INFO] k4run.main: --> EcalEventBuilder
[k4run - INFO] k4run.main: Option name: EcalEventBuilder.OutputLevel 0
[k4run - INFO] k4run.main: Option name: EcalEventBuilder.Asynchronous False
[k4run - INFO] k4run.main: Option name: EcalEventBuilder.InputFile 
[k4run - INFO] k4run.main: Option name: EcalEventBuilder.InputFiles ['/eos/experiment/drdcalo/siw-ecal/TB2026-06/Data/rundata_converted_gaudi/TB2026CERN_eudaq_run_000166/chunks/chunk_0000.root']
[k4run - INFO] k4run.main: Option name: EcalEventBuilder.TreeName siwecaldecoded
[k4run - INFO] k4run.main: Option name: EcalEventBuilder.OutputFile /eos/experiment/drdcalo/siw-ecal/TB2026-06/Data/rundata_converted_gaudi/TB2026CERN_eudaq_run_000166/events/ecal_TB2026CERN_eudaq_run_000166.root
[k4run - INFO] k4run.main: Option name: EcalEventBuilder.RunId -1
[k4run - INFO] k4run.main: Option name: EcalEventBuilder.ThresholdDacOverride -1
[k4run - INFO] k4run.main: Option name: EcalEventBuilder.PedestalFile /afs/cern.ch/user/m/marquezh/public/siwecal-tb2026/calibration/MuonCalib_gaudi/pedestals/th210/Pedestal_TB2026CERN_run_000th210_highgain.txt
[k4run - INFO] k4run.main: Option name: EcalEventBuilder.MipFile /afs/cern.ch/user/m/marquezh/public/siwecal-tb2026/calibration/MuonCalib_gaudi/mips/th210/MIP_pedestalsubmode1_TB2026CERN_run_000th210_highgain.txt
[k4run - INFO] k4run.main: Option name: EcalEventBuilder.PedestalFileLowGain /afs/cern.ch/user/m/marquezh/public/siwecal-tb2026/calibration/MuonCalib_gaudi/pedestals/th210/Pedestal_TB2026CERN_run_000th210_lowgain.txt
[k4run - INFO] k4run.main: Option name: EcalEventBuilder.MipFileLowGain /afs/cern.ch/user/m/marquezh/public/siwecal-tb2026/calibration/MuonCalib_gaudi/mips/th210/MIP_pedestalsubmode1_TB2026CERN_run_000th210_lowgain.txt
[k4run - INFO] k4run.main: Option name: EcalEventBuilder.NoCalibration False
[k4run - INFO] k4run.main: Option name: EcalEventBuilder.PedestalFallback 250.0
[k4run - INFO] k4run.main: Option name: EcalEventBuilder.DefaultMipFallback 20.0
[k4run - INFO] k4run.main: Option name: EcalEventBuilder.PadMapDefaultFile /afs/cern.ch/user/m/marquezh/public/siwecal-tb2026/mappings/fev10_rotate_chip_channel_x_y_mapping.txt
[k4run - INFO] k4run.main: Option name: EcalEventBuilder.PadMapSlabOverrides ['12:/afs/cern.ch/user/m/marquezh/public/siwecal-tb2026/mappings/fev11_cob_good_rotate_chip_channel_x_y_mapping.txt']
[k4run - INFO] k4run.main: Option name: EcalEventBuilder.SlabZFile /afs/cern.ch/user/m/marquezh/public/siwecal-tb2026/mappings/slab_z_positions.yml
[k4run - INFO] k4run.main: Option name: EcalEventBuilder.NoMapping False
[k4run - INFO] k4run.main: Option name: EcalEventBuilder.SkipBcidStart 50
[k4run - INFO] k4run.main: Option name: EcalEventBuilder.DropBcids [0, 901]
[k4run - INFO] k4run.main: Option name: EcalEventBuilder.MergeDelta 3
[k4run - INFO] k4run.main: Option name: EcalEventBuilder.MinSlabsHit 10
[k4run - INFO] k4run.main: Option name: EcalEventBuilder.BcidOverflow 4096
[k4run - INFO] k4run.main: Option name: EcalEventBuilder.BadValue -999
[k4run - INFO] k4run.main: Option name: EcalEventBuilder.AdcUnderflowThreshold 11
[k4run - INFO] k4run.main: Option name: EcalEventBuilder.AdcSaturationThreshold 1500
[k4run - INFO] k4run.main: Option name: EcalEventBuilder.GainRatio 0.0925
[k4run - INFO] k4run.main: Option name: EcalEventBuilder.GainIntercept 2.24
[k4run - INFO] k4run.main: Option name: EcalEventBuilder.MaxHitsPerSca 1e+18
[k4run - INFO] k4run.main: Option name: EcalEventBuilder.MaxHitsPerEvent 15360
[k4run - INFO] k4run.main: Option name: EventDataSvc.OutputLevel 0
[k4run - INFO] k4run.main: Option name: EventDataSvc.InhibitPaths []
ApplicationMgr     SUCCESS 
====================================================================================================================================
                                                   Welcome to ApplicationMgr (GaudiCoreSvc v40r2)
                                          running on b9p28p1864.cern.ch on Wed Jul 15 23:33:24 2026
====================================================================================================================================
ApplicationMgr        INFO Application Manager Configured successfully
EcalEventBuilder      INFO Low-gain calibration loaded: hits with (adc_high - ped_hg) >= 1500 take their energy from the low-gain branch, anchored to the high gain through adc_low - ped_lg = 0.0925*(adc_high - ped_hg) + 2.24 (MIP_lg is NOT used; hit_energy_nocalib keeps the old MIP_lg-based value for comparison)
EcalEventBuilder      INFO EcalEventBuilder: wrote 122920 event(s) from 50973 acquisition(s) to /eos/experiment/drdcalo/siw-ecal/TB2026-06/Data/rundata_converted_gaudi/TB2026CERN_eudaq_run_000166/events/ecal_TB2026CERN_eudaq_run_000166.root
ApplicationMgr        INFO Application Manager Initialized successfully
ApplicationMgr        INFO Application Manager Started successfully
ApplicationMgr        INFO Application Manager Stopped successfully
ApplicationMgr        INFO Application Manager Finalized successfully
ApplicationMgr        INFO Application Manager Terminated successfully
[pipeline] run000166: validate / EDM4hep+PID (validate_run000166.py)
[k4run - INFO] k4run.main: --> EcalToEDM4hep --> EcalPidTransformer
[k4run - INFO] k4run.main: Option name: MetadataSvc.OutputLevel 0
[k4run - INFO] k4run.main: Option name: EcalToEDM4hep.OutputLevel 0
[k4run - INFO] k4run.main: Option name: EcalToEDM4hep.Asynchronous False
[k4run - INFO] k4run.main: Option name: EcalToEDM4hep.OutputCaloHits ['ECalHits']
[k4run - INFO] k4run.main: Option name: EcalToEDM4hep.OutputEventHeader ['EventHeader']
[k4run - INFO] k4run.main: Option name: EcalToEDM4hep.OutputHitChip ['ECalHitChip']
[k4run - INFO] k4run.main: Option name: EcalToEDM4hep.OutputHitChan ['ECalHitChan']
[k4run - INFO] k4run.main: Option name: EcalToEDM4hep.OutputHitSca ['ECalHitSca']
[k4run - INFO] k4run.main: Option name: EcalToEDM4hep.OutputHitHG ['ECalHitHG']
[k4run - INFO] k4run.main: Option name: EcalToEDM4hep.OutputHitLG ['ECalHitLG']
[k4run - INFO] k4run.main: Option name: EcalToEDM4hep.OutputHitWE ['ECalHitWE']
[k4run - INFO] k4run.main: Option name: EcalToEDM4hep.InputFile /eos/experiment/drdcalo/siw-ecal/TB2026-06/Data/rundata_converted_gaudi/TB2026CERN_eudaq_run_000166/events/ecal_TB2026CERN_eudaq_run_000166.root
[k4run - INFO] k4run.main: Option name: EcalToEDM4hep.TreeName ecal
[k4run - INFO] k4run.main: Option name: EcalToEDM4hep.CellIDEncoding system:8,slab:8,chip:16,channel:8,sca:8
[k4run - INFO] k4run.main: Option name: EcalToEDM4hep.HitMipCut 0.5
[k4run - INFO] k4run.main: Option name: IOSvc.OutputLevel 0
[k4run - INFO] k4run.main: Option name: IOSvc.CollectionNames []
[k4run - INFO] k4run.main: Option name: IOSvc.Input []
[k4run - INFO] k4run.main: Option name: IOSvc.Output /eos/experiment/drdcalo/siw-ecal/TB2026-06/Data/rundata_converted_gaudi/TB2026CERN_eudaq_run_000166/events/ecal_TB2026CERN_eudaq_run_000166.edm4hep.root
[k4run - INFO] k4run.main: Option name: IOSvc.outputCommands ['keep *']
[k4run - INFO] k4run.main: Option name: IOSvc.OutputType default
[k4run - INFO] k4run.main: Option name: IOSvc.ImportedFromk4FWCore True
[k4run - INFO] k4run.main: Option name: IOSvc.FirstEventEntry 0
[k4run - INFO] k4run.main: Option name: EventDataSvc.OutputLevel 0
[k4run - INFO] k4run.main: Option name: EventDataSvc.InhibitPaths []
[k4run - INFO] k4run.main: Option name: EcalPidTransformer.OutputLevel 0
[k4run - INFO] k4run.main: Option name: EcalPidTransformer.Asynchronous False
[k4run - INFO] k4run.main: Option name: EcalPidTransformer.InputCaloHits ['ECalHits']
[k4run - INFO] k4run.main: Option name: EcalPidTransformer.OutputClusters ['ECalPid']
[k4run - INFO] k4run.main: Option name: EcalPidTransformer.NLayers 15
[k4run - INFO] k4run.main: Option name: EcalPidTransformer.SlabZFile 
[k4run - INFO] k4run.main: Option name: EcalPidTransformer.WThicknesses []
[k4run - INFO] k4run.main: Option name: EcalPidTransformer.WX0 3.5
[k4run - INFO] k4run.main: Option name: EcalPidTransformer.ShowerProfile nhit
[k4run - INFO] k4run.main: Option name: EcalPidTransformer.ShowerEThreshold 5.0
[k4run - INFO] k4run.main: Option name: EcalPidTransformer.ShowerMaxMin 10.0
[k4run - INFO] k4run.main: Option name: EcalPidTransformer.ShowerStartFrac 0.1
[k4run - INFO] k4run.main: Option name: EcalPidTransformer.ShowerCoreRadiusMm 30.0
[k4run - INFO] k4run.main: Option name: EcalPidTransformer.ShowerCoreMinNhit 2
[k4run - INFO] k4run.main: Option name: EcalPidTransformer.ShowerMinAscendingRatios 2
[k4run - INFO] k4run.main: Option name: EcalPidTransformer.MoliereContainment 0.9
[k4run - INFO] k4run.main: Option name: EcalPidTransformer.MipThresholds [0.5, 1.0]
[k4run - INFO] k4run.main: Option name: EcalPidTransformer.CellIDEncoding system:8,slab:8,chip:16,channel:8,sca:8
ApplicationMgr     SUCCESS 
====================================================================================================================================
                                                   Welcome to ApplicationMgr (GaudiCoreSvc v40r2)
                                          running on b9p28p1864.cern.ch on Wed Jul 15 23:38:35 2026
====================================================================================================================================
ApplicationMgr        INFO Application Manager Configured successfully
EcalToEDM4hep         INFO EcalToEDM4hep: 122920 entries in 'ecal'
ApplicationMgr        INFO Application Manager Initialized successfully
ApplicationMgr        INFO Application Manager Started successfully
ApplicationMgr        INFO Application Manager Stopped successfully
ApplicationMgr        INFO Application Manager Finalized successfully
ApplicationMgr        INFO Application Manager Terminated successfully
[pipeline] run000166: done
